Archive member included because of file (symbol)

/Users/raj/Library/Application Support/Pebble SDK/SDKs/current/sdk-core/pebble/aplite/lib/libpebble.a(tmp7jpKUopebble.o)
                              src/c/orbits_ns2.c.33.o (accel_tap_service_subscribe)

Allocating common symbols
Common symbol       size              file

timer_interval      0x4               src/c/orbits_ns2.c.33.o
now                 0x4               src/c/orbits_ns2.c.33.o
timer_start         0x4               src/c/orbits_ns2.c.33.o
tap_display         0x1               src/c/orbits_ns2.c.33.o
stat                0x4               src/c/orbits_ns2.c.33.o
display_dates       0x4               src/c/orbits_ns2.c.33.o
pod_change          0x4               src/c/orbits_ns2.c.33.o
changeit            0x4               src/c/orbits_ns2.c.33.o
tap_display_time    0x4               src/c/orbits_ns2.c.33.o

Discarded input sections

 .text          0x0000000000000000        0x0 /Users/raj/Library/Application Support/Pebble SDK/SDKs/4.4/toolchain/arm-none-eabi/bin/../lib/gcc/arm-none-eabi/4.7.2/thumb2/crti.o
 .bss           0x0000000000000000        0x0 /Users/raj/Library/Application Support/Pebble SDK/SDKs/4.4/toolchain/arm-none-eabi/bin/../lib/gcc/arm-none-eabi/4.7.2/thumb2/crti.o
 .init          0x0000000000000000        0x4 /Users/raj/Library/Application Support/Pebble SDK/SDKs/4.4/toolchain/arm-none-eabi/bin/../lib/gcc/arm-none-eabi/4.7.2/thumb2/crti.o
 .fini          0x0000000000000000        0x4 /Users/raj/Library/Application Support/Pebble SDK/SDKs/4.4/toolchain/arm-none-eabi/bin/../lib/gcc/arm-none-eabi/4.7.2/thumb2/crti.o
 .text          0x0000000000000000       0xc8 /Users/raj/Library/Application Support/Pebble SDK/SDKs/4.4/toolchain/arm-none-eabi/bin/../lib/gcc/arm-none-eabi/4.7.2/thumb2/crtbegin.o
 .bss           0x0000000000000000       0x1c /Users/raj/Library/Application Support/Pebble SDK/SDKs/4.4/toolchain/arm-none-eabi/bin/../lib/gcc/arm-none-eabi/4.7.2/thumb2/crtbegin.o
 .init_array    0x0000000000000000        0x4 /Users/raj/Library/Application Support/Pebble SDK/SDKs/4.4/toolchain/arm-none-eabi/bin/../lib/gcc/arm-none-eabi/4.7.2/thumb2/crtbegin.o
 .fini_array    0x0000000000000000        0x4 /Users/raj/Library/Application Support/Pebble SDK/SDKs/4.4/toolchain/arm-none-eabi/bin/../lib/gcc/arm-none-eabi/4.7.2/thumb2/crtbegin.o
 .eh_frame      0x0000000000000000        0x0 /Users/raj/Library/Application Support/Pebble SDK/SDKs/4.4/toolchain/arm-none-eabi/bin/../lib/gcc/arm-none-eabi/4.7.2/thumb2/crtbegin.o
 .jcr           0x0000000000000000        0x0 /Users/raj/Library/Application Support/Pebble SDK/SDKs/4.4/toolchain/arm-none-eabi/bin/../lib/gcc/arm-none-eabi/4.7.2/thumb2/crtbegin.o
 .tm_clone_table
                0x0000000000000000        0x0 /Users/raj/Library/Application Support/Pebble SDK/SDKs/4.4/toolchain/arm-none-eabi/bin/../lib/gcc/arm-none-eabi/4.7.2/thumb2/crtbegin.o
 .text          0x0000000000000000        0x0 src/c/orbits_ns2.c.33.o
 .bss           0x0000000000000000        0x0 src/c/orbits_ns2.c.33.o
 .rodata.alert_segments
                0x0000000000000000       0x24 src/c/orbits_ns2.c.33.o
 .data.rel.local.alert_pulse
                0x0000000000000000        0x8 src/c/orbits_ns2.c.33.o
 .text          0x0000000000000000        0x0 aplite/appinfo.auto.c.33.o
 .bss           0x0000000000000000        0x0 aplite/appinfo.auto.c.33.o
 .text          0x0000000000000000        0x0 aplite/src/resource_ids.auto.c.33.o
 .bss           0x0000000000000000        0x0 aplite/src/resource_ids.auto.c.33.o
 .data.RESOURCE_ID_IMAGE_DOUBLE_ARROW
                0x0000000000000000        0x4 aplite/src/resource_ids.auto.c.33.o
 .data.RESOURCE_ID_IMAGE_COMET_SQUARE
                0x0000000000000000        0x4 aplite/src/resource_ids.auto.c.33.o
 .data.RESOURCE_ID_IMAGE_COMET
                0x0000000000000000        0x4 aplite/src/resource_ids.auto.c.33.o
 .data.RESOURCE_ID_IMAGE_BACKGROUND_30
                0x0000000000000000        0x4 aplite/src/resource_ids.auto.c.33.o
 .data.RESOURCE_ID_IMAGE_MENU_ICON
                0x0000000000000000        0x4 aplite/src/resource_ids.auto.c.33.o
 .data.RESOURCE_ID_IMAGE_BACKGROUND_100
                0x0000000000000000        0x4 aplite/src/resource_ids.auto.c.33.o
 .data.RESOURCE_ID_IMAGE_COMET_SMALL
                0x0000000000000000        0x4 aplite/src/resource_ids.auto.c.33.o
 .data.RESOURCE_ID_IMAGE_ASTER
                0x0000000000000000        0x4 aplite/src/resource_ids.auto.c.33.o
 .data.RESOURCE_ID_IMAGE_BACKGROUND_60
                0x0000000000000000        0x4 aplite/src/resource_ids.auto.c.33.o
 .data.RESOURCE_ID_IMAGE_BLUETOOTH
                0x0000000000000000        0x4 aplite/src/resource_ids.auto.c.33.o
 .data.RESOURCE_ID_IMAGE_HOUR_HAND
                0x0000000000000000        0x4 aplite/src/resource_ids.auto.c.33.o
 .data.RESOURCE_ID_IMAGE_ARROW
                0x0000000000000000        0x4 aplite/src/resource_ids.auto.c.33.o
[...]
Memory Configuration

Name             Origin             Length             Attributes
APP              0x0000000000000000 0x0000000000006000 xrw
*default*        0x0000000000000000 0xffffffffffffffff

Linker script and memory map

LOAD /Users/raj/Library/Application Support/Pebble SDK/SDKs/4.4/toolchain/arm-none-eabi/bin/../lib/gcc/arm-none-eabi/4.7.2/thumb2/crti.o
LOAD /Users/raj/Library/Application Support/Pebble SDK/SDKs/4.4/toolchain/arm-none-eabi/bin/../lib/gcc/arm-none-eabi/4.7.2/thumb2/crtbegin.o
LOAD src/c/orbits_ns2.c.33.o
LOAD aplite/appinfo.auto.c.33.o
LOAD aplite/src/resource_ids.auto.c.33.o
LOAD src/message_keys.auto.c.33.o
LOAD /Users/raj/Library/Application Support/Pebble SDK/SDKs/current/sdk-core/pebble/aplite/lib/libpebble.a
LOAD /Users/raj/src/pebble_dev/orbits_ns2/node_modules/pebble-clay/dist/binaries/aplite/libpebble-clay.a
START GROUP
LOAD /Users/raj/Library/Application Support/Pebble SDK/SDKs/4.4/toolchain/arm-none-eabi/bin/../lib/gcc/arm-none-eabi/4.7.2/thumb2/libgcc.a
LOAD /Users/raj/Library/Application Support/Pebble SDK/SDKs/4.4/toolchain/arm-none-eabi/bin/../lib/gcc/arm-none-eabi/4.7.2/../../../../arm-none-eabi/lib/thumb2/libc.a
END GROUP
LOAD /Users/raj/Library/Application Support/Pebble SDK/SDKs/4.4/toolchain/arm-none-eabi/bin/../lib/gcc/arm-none-eabi/4.7.2/thumb2/crtend.o
LOAD /Users/raj/Library/Application Support/Pebble SDK/SDKs/4.4/toolchain/arm-none-eabi/bin/../lib/gcc/arm-none-eabi/4.7.2/thumb2/crtn.o

.header         0x0000000000000000       0x82
 *(.pbl_header)
 .pbl_header    0x0000000000000000       0x82 aplite/appinfo.auto.c.33.o
                0x0000000000000000                __pbl_app_info

.note.gnu.build-id
                0x0000000000000082       0x26
                0x0000000000000082                PROVIDE (BUILD_ID, .)
 *(.note.gnu.build-id)
 *fill*         0x0000000000000082        0x2 
 .note.gnu.build-id
                0x0000000000000084       0x24 linker stubs

.text           0x00000000000000a8     0x2618
 *(.text)
 .text          0x00000000000000a8       0x14 /Users/raj/Library/Application Support/Pebble SDK/SDKs/current/sdk-core/pebble/aplite/lib/libpebble.a(tmp7jpKUopebble.o)
 *(.text.*)
 .text.handle_msg_dropped
                0x00000000000000bc       0x20 src/c/orbits_ns2.c.33.o
                0x00000000000000bc                handle_msg_dropped
 .text.turn_off_dates
                0x00000000000000dc       0x44 src/c/orbits_ns2.c.33.o
                0x00000000000000dc                turn_off_dates
 .text.write_hello
                0x0000000000000120       0x70 src/c/orbits_ns2.c.33.o
 .text.handle_timer_tick
                0x0000000000000190       0xe8 src/c/orbits_ns2.c.33.o
                0x0000000000000190                handle_timer_tick
 .text.handle_bluetooth
                0x0000000000000278       0x98 src/c/orbits_ns2.c.33.o
                0x0000000000000278                handle_bluetooth
 .text.double_arrow_update_proc
                0x0000000000000310       0x9c src/c/orbits_ns2.c.33.o
                0x0000000000000310                double_arrow_update_proc
 .text.arrow_update_proc
                0x00000000000003ac       0x98 src/c/orbits_ns2.c.33.o
                0x00000000000003ac                arrow_update_proc
 .text.set_hand_angle
                0x0000000000000444       0xb0 src/c/orbits_ns2.c.33.o
                0x0000000000000444                set_hand_angle
 .text.time_until_pod_expire
                0x00000000000004f4       0x3c src/c/orbits_ns2.c.33.o
                0x00000000000004f4                time_until_pod_expire
 .text.update_comet
                0x0000000000000530       0xb0 src/c/orbits_ns2.c.33.o
                0x0000000000000530                update_comet
 .text.show_comet
                0x00000000000005e0       0xac src/c/orbits_ns2.c.33.o
                0x00000000000005e0                show_comet
 .text.comet_update_proc
                0x000000000000068c       0xa0 src/c/orbits_ns2.c.33.o
                0x000000000000068c                comet_update_proc
 .text.update_weekday
                0x000000000000072c       0x80 src/c/orbits_ns2.c.33.o
                0x000000000000072c                update_weekday
 .text.update_hand_positions
                0x00000000000007ac       0xcc src/c/orbits_ns2.c.33.o
                0x00000000000007ac                update_hand_positions
 .text.write_pod_change_info
                0x0000000000000878       0x9c src/c/orbits_ns2.c.33.o
                0x0000000000000878                write_pod_change_info
 .text.update_date_fields
                0x0000000000000914       0xd4 src/c/orbits_ns2.c.33.o
                0x0000000000000914                update_date_fields
 .text.handle_tap
                0x00000000000009e8       0x5c src/c/orbits_ns2.c.33.o
 .text.init_date_layer
                0x0000000000000a44       0x88 src/c/orbits_ns2.c.33.o
                0x0000000000000a44                init_date_layer
 .text.update_battery
                0x0000000000000acc       0xbc src/c/orbits_ns2.c.33.o
                0x0000000000000acc                update_battery
 .text.rotate_asteroid
                0x0000000000000b88       0x20 src/c/orbits_ns2.c.33.o
                0x0000000000000b88                rotate_asteroid
 .text.handle_minute_tick
                0x0000000000000ba8      0x1b0 src/c/orbits_ns2.c.33.o
                0x0000000000000ba8                handle_minute_tick
 .text.handle_second_tick
                0x0000000000000d58       0x3c src/c/orbits_ns2.c.33.o
                0x0000000000000d58                handle_second_tick
 .text.start_timer
                0x0000000000000d94       0x60 src/c/orbits_ns2.c.33.o
                0x0000000000000d94                start_timer
 .text.handle_wakeup
                0x0000000000000df4       0x44 src/c/orbits_ns2.c.33.o
                0x0000000000000df4                handle_wakeup
 .text.update_configuration
                0x0000000000000e38      0x288 src/c/orbits_ns2.c.33.o
                0x0000000000000e38                update_configuration
 .text.handle_msg_received
                0x00000000000010c0      0x504 src/c/orbits_ns2.c.33.o
                0x00000000000010c0                handle_msg_received
 .text.handle_init
                0x00000000000015c4      0x5cc src/c/orbits_ns2.c.33.o
                0x00000000000015c4                handle_init
 .text.handle_deinit
                0x0000000000001b90      0x108 src/c/orbits_ns2.c.33.o
                0x0000000000001b90                handle_deinit
 .text.startup.main
                0x0000000000001c98       0x74 src/c/orbits_ns2.c.33.o
                0x0000000000001c98                main
 .text.accel_tap_service_subscribe
                0x0000000000001d0c        0xc /Users/raj/Library/Application Support/Pebble SDK/SDKs/current/sdk-core/pebble/aplite/lib/libpebble.a(tmp7jpKUopebble.o)
                0x0000000000001d0c                accel_tap_service_subscribe
 .text.app_event_loop
                0x0000000000001d18        0xc /Users/raj/Library/Application Support/Pebble SDK/SDKs/current/sdk-core/pebble/aplite/lib/libpebble.a(tmp7jpKUopebble.o)
                0x0000000000001d18                app_event_loop
 .text.app_log  0x0000000000001d24        0xc /Users/raj/Library/Application Support/Pebble SDK/SDKs/current/sdk-core/pebble/aplite/lib/libpebble.a(tmp7jpKUopebble.o)
                0x0000000000001d24                app_log
 .text.app_message_deregister_callbacks
                0x0000000000001d30        0xc /Users/raj/Library/Application Support/Pebble SDK/SDKs/current/sdk-core/pebble/aplite/lib/libpebble.a(tmp7jpKUopebble.o)
                0x0000000000001d30                app_message_deregister_callbacks
 .text.app_message_open
                0x0000000000001d3c        0xc /Users/raj/Library/Application Support/Pebble SDK/SDKs/current/sdk-core/pebble/aplite/lib/libpebble.a(tmp7jpKUopebble.o)
                0x0000000000001d3c                app_message_open
 .text.app_timer_register
                0x0000000000001d48        0xc /Users/raj/Library/Application Support/Pebble SDK/SDKs/current/sdk-core/pebble/aplite/lib/libpebble.a(tmp7jpKUopebble.o)
                0x0000000000001d48                app_timer_register
 .text.atoi     0x0000000000001d54        0xc /Users/raj/Library/Application Support/Pebble SDK/SDKs/current/sdk-core/pebble/aplite/lib/libpebble.a(tmp7jpKUopebble.o)
                0x0000000000001d54                atoi
 .text.battery_state_service_peek
                0x0000000000001d60        0xc /Users/raj/Library/Application Support/Pebble SDK/SDKs/current/sdk-core/pebble/aplite/lib/libpebble.a(tmp7jpKUopebble.o)
                0x0000000000001d60                battery_state_service_peek
 .text.bitmap_layer_create
                0x0000000000001d6c        0xc /Users/raj/Library/Application Support/Pebble SDK/SDKs/current/sdk-core/pebble/aplite/lib/libpebble.a(tmp7jpKUopebble.o)
                0x0000000000001d6c                bitmap_layer_create
 .text.bitmap_layer_destroy
                0x0000000000001d78        0xc /Users/raj/Library/Application Support/Pebble SDK/SDKs/current/sdk-core/pebble/aplite/lib/libpebble.a(tmp7jpKUopebble.o)
                0x0000000000001d78                bitmap_layer_destroy
 .text.bitmap_layer_get_layer
                0x0000000000001d84        0xc /Users/raj/Library/Application Support/Pebble SDK/SDKs/current/sdk-core/pebble/aplite/lib/libpebble.a(tmp7jpKUopebble.o)
                0x0000000000001d84                bitmap_layer_get_layer
 .text.bitmap_layer_set_bitmap
                0x0000000000001d90        0xc /Users/raj/Library/Application Support/Pebble SDK/SDKs/current/sdk-core/pebble/aplite/lib/libpebble.a(tmp7jpKUopebble.o)
                0x0000000000001d90                bitmap_layer_set_bitmap
 .text.bitmap_layer_set_compositing_mode
                0x0000000000001d9c        0xc /Users/raj/Library/Application Support/Pebble SDK/SDKs/current/sdk-core/pebble/aplite/lib/libpebble.a(tmp7jpKUopebble.o)
                0x0000000000001d9c                bitmap_layer_set_compositing_mode
 .text.bluetooth_connection_service_peek
                0x0000000000001da8        0xc /Users/raj/Library/Application Support/Pebble SDK/SDKs/current/sdk-core/pebble/aplite/lib/libpebble.a(tmp7jpKUopebble.o)
                0x0000000000001da8                bluetooth_connection_service_peek
 .text.bluetooth_connection_service_subscribe
                0x0000000000001db4        0xc /Users/raj/Library/Application Support/Pebble SDK/SDKs/current/sdk-core/pebble/aplite/lib/libpebble.a(tmp7jpKUopebble.o)
                0x0000000000001db4                bluetooth_connection_service_subscribe
 .text.bluetooth_connection_service_unsubscribe
                0x0000000000001dc0        0xc /Users/raj/Library/Application Support/Pebble SDK/SDKs/current/sdk-core/pebble/aplite/lib/libpebble.a(tmp7jpKUopebble.o)
                0x0000000000001dc0                bluetooth_connection_service_unsubscribe
 .text.cos_lookup
                0x0000000000001dcc        0xc /Users/raj/Library/Application Support/Pebble SDK/SDKs/current/sdk-core/pebble/aplite/lib/libpebble.a(tmp7jpKUopebble.o)
                0x0000000000001dcc                cos_lookup
 .text.dict_calc_buffer_size
                0x0000000000001dd8        0xc /Users/raj/Library/Application Support/Pebble SDK/SDKs/current/sdk-core/pebble/aplite/lib/libpebble.a(tmp7jpKUopebble.o)
                0x0000000000001dd8                dict_calc_buffer_size
 .text.dict_find
                0x0000000000001de4        0xc /Users/raj/Library/Application Support/Pebble SDK/SDKs/current/sdk-core/pebble/aplite/lib/libpebble.a(tmp7jpKUopebble.o)
                0x0000000000001de4                dict_find
 .text.dict_write_end
                0x0000000000001df0        0xc /Users/raj/Library/Application Support/Pebble SDK/SDKs/current/sdk-core/pebble/aplite/lib/libpebble.a(tmp7jpKUopebble.o)
                0x0000000000001df0                dict_write_end
 .text.dict_write_int32
                0x0000000000001dfc        0xc /Users/raj/Library/Application Support/Pebble SDK/SDKs/current/sdk-core/pebble/aplite/lib/libpebble.a(tmp7jpKUopebble.o)
                0x0000000000001dfc                dict_write_int32
 .text.fonts_get_system_font
                0x0000000000001e08        0xc /Users/raj/Library/Application Support/Pebble SDK/SDKs/current/sdk-core/pebble/aplite/lib/libpebble.a(tmp7jpKUopebble.o)
                0x0000000000001e08                fonts_get_system_font
 .text.gbitmap_create_with_resource
                0x0000000000001e14        0xc /Users/raj/Library/Application Support/Pebble SDK/SDKs/current/sdk-core/pebble/aplite/lib/libpebble.a(tmp7jpKUopebble.o)
                0x0000000000001e14                gbitmap_create_with_resource
 .text.gbitmap_destroy
                0x0000000000001e20        0xc /Users/raj/Library/Application Support/Pebble SDK/SDKs/current/sdk-core/pebble/aplite/lib/libpebble.a(tmp7jpKUopebble.o)
                0x0000000000001e20                gbitmap_destroy
 .text.graphics_context_set_compositing_mode
                0x0000000000001e2c        0xc /Users/raj/Library/Application Support/Pebble SDK/SDKs/current/sdk-core/pebble/aplite/lib/libpebble.a(tmp7jpKUopebble.o)
                0x0000000000001e2c                graphics_context_set_compositing_mode
 .text.layer_add_child
                0x0000000000001e38        0xc /Users/raj/Library/Application Support/Pebble SDK/SDKs/current/sdk-core/pebble/aplite/lib/libpebble.a(tmp7jpKUopebble.o)
                0x0000000000001e38                layer_add_child
 .text.layer_destroy
                0x0000000000001e44        0xc /Users/raj/Library/Application Support/Pebble SDK/SDKs/current/sdk-core/pebble/aplite/lib/libpebble.a(tmp7jpKUopebble.o)
                0x0000000000001e44                layer_destroy
 .text.layer_get_frame
                0x0000000000001e50        0xc /Users/raj/Library/Application Support/Pebble SDK/SDKs/current/sdk-core/pebble/aplite/lib/libpebble.a(tmp7jpKUopebble.o)
                0x0000000000001e50                layer_get_frame
 .text.layer_mark_dirty
                0x0000000000001e5c        0xc /Users/raj/Library/Application Support/Pebble SDK/SDKs/current/sdk-core/pebble/aplite/lib/libpebble.a(tmp7jpKUopebble.o)
                0x0000000000001e5c                layer_mark_dirty
 .text.layer_set_frame
                0x0000000000001e68        0xc /Users/raj/Library/Application Support/Pebble SDK/SDKs/current/sdk-core/pebble/aplite/lib/libpebble.a(tmp7jpKUopebble.o)
                0x0000000000001e68                layer_set_frame
 .text.layer_set_hidden
                0x0000000000001e74        0xc /Users/raj/Library/Application Support/Pebble SDK/SDKs/current/sdk-core/pebble/aplite/lib/libpebble.a(tmp7jpKUopebble.o)
                0x0000000000001e74                layer_set_hidden
 .text.layer_set_update_proc
                0x0000000000001e80        0xc /Users/raj/Library/Application Support/Pebble SDK/SDKs/current/sdk-core/pebble/aplite/lib/libpebble.a(tmp7jpKUopebble.o)
                0x0000000000001e80                layer_set_update_proc
 .text.persist_exists
                0x0000000000001e8c        0xc /Users/raj/Library/Application Support/Pebble SDK/SDKs/current/sdk-core/pebble/aplite/lib/libpebble.a(tmp7jpKUopebble.o)
                0x0000000000001e8c                persist_exists
 .text.persist_read_bool
                0x0000000000001e98        0xc /Users/raj/Library/Application Support/Pebble SDK/SDKs/current/sdk-core/pebble/aplite/lib/libpebble.a(tmp7jpKUopebble.o)
                0x0000000000001e98                persist_read_bool
 .text.persist_read_int
                0x0000000000001ea4        0xc /Users/raj/Library/Application Support/Pebble SDK/SDKs/current/sdk-core/pebble/aplite/lib/libpebble.a(tmp7jpKUopebble.o)
                0x0000000000001ea4                persist_read_int
 .text.persist_write_bool
                0x0000000000001eb0        0xc /Users/raj/Library/Application Support/Pebble SDK/SDKs/current/sdk-core/pebble/aplite/lib/libpebble.a(tmp7jpKUopebble.o)
                0x0000000000001eb0                persist_write_bool
 .text.persist_write_int
                0x0000000000001ebc        0xc /Users/raj/Library/Application Support/Pebble SDK/SDKs/current/sdk-core/pebble/aplite/lib/libpebble.a(tmp7jpKUopebble.o)
                0x0000000000001ebc                persist_write_int
 .text.rot_bitmap_layer_create
                0x0000000000001ec8        0xc /Users/raj/Library/Application Support/Pebble SDK/SDKs/current/sdk-core/pebble/aplite/lib/libpebble.a(tmp7jpKUopebble.o)
                0x0000000000001ec8                rot_bitmap_layer_create
 .text.rot_bitmap_layer_destroy
                0x0000000000001ed4        0xc /Users/raj/Library/Application Support/Pebble SDK/SDKs/current/sdk-core/pebble/aplite/lib/libpebble.a(tmp7jpKUopebble.o)
                0x0000000000001ed4                rot_bitmap_layer_destroy
 .text.rot_bitmap_layer_set_angle
                0x0000000000001ee0        0xc /Users/raj/Library/Application Support/Pebble SDK/SDKs/current/sdk-core/pebble/aplite/lib/libpebble.a(tmp7jpKUopebble.o)
                0x0000000000001ee0                rot_bitmap_layer_set_angle
 .text.rot_bitmap_set_src_ic
                0x0000000000001eec        0xc /Users/raj/Library/Application Support/Pebble SDK/SDKs/current/sdk-core/pebble/aplite/lib/libpebble.a(tmp7jpKUopebble.o)
                0x0000000000001eec                rot_bitmap_set_src_ic
 .text.sin_lookup
                0x0000000000001ef8        0xc /Users/raj/Library/Application Support/Pebble SDK/SDKs/current/sdk-core/pebble/aplite/lib/libpebble.a(tmp7jpKUopebble.o)
                0x0000000000001ef8                sin_lookup
 .text.snprintf
                0x0000000000001f04        0xc /Users/raj/Library/Application Support/Pebble SDK/SDKs/current/sdk-core/pebble/aplite/lib/libpebble.a(tmp7jpKUopebble.o)
                0x0000000000001f04                snprintf
 .text.strcmp   0x0000000000001f10        0xc /Users/raj/Library/Application Support/Pebble SDK/SDKs/current/sdk-core/pebble/aplite/lib/libpebble.a(tmp7jpKUopebble.o)
                0x0000000000001f10                strcmp
 .text.strftime
                0x0000000000001f1c        0xc /Users/raj/Library/Application Support/Pebble SDK/SDKs/current/sdk-core/pebble/aplite/lib/libpebble.a(tmp7jpKUopebble.o)
                0x0000000000001f1c                strftime
 .text.tick_timer_service_subscribe
                0x0000000000001f28        0xc /Users/raj/Library/Application Support/Pebble SDK/SDKs/current/sdk-core/pebble/aplite/lib/libpebble.a(tmp7jpKUopebble.o)
                0x0000000000001f28                tick_timer_service_subscribe
 .text.tick_timer_service_unsubscribe
                0x0000000000001f34        0xc /Users/raj/Library/Application Support/Pebble SDK/SDKs/current/sdk-core/pebble/aplite/lib/libpebble.a(tmp7jpKUopebble.o)
                0x0000000000001f34                tick_timer_service_unsubscribe
 .text.vibes_double_pulse
                0x0000000000001f40        0xc /Users/raj/Library/Application Support/Pebble SDK/SDKs/current/sdk-core/pebble/aplite/lib/libpebble.a(tmp7jpKUopebble.o)
                0x0000000000001f40                vibes_double_pulse
 .text.vibes_long_pulse
                0x0000000000001f4c        0xc /Users/raj/Library/Application Support/Pebble SDK/SDKs/current/sdk-core/pebble/aplite/lib/libpebble.a(tmp7jpKUopebble.o)
                0x0000000000001f4c                vibes_long_pulse
 .text.window_create
                0x0000000000001f58        0xc /Users/raj/Library/Application Support/Pebble SDK/SDKs/current/sdk-core/pebble/aplite/lib/libpebble.a(tmp7jpKUopebble.o)
                0x0000000000001f58                window_create
 .text.window_destroy
                0x0000000000001f64        0xc /Users/raj/Library/Application Support/Pebble SDK/SDKs/current/sdk-core/pebble/aplite/lib/libpebble.a(tmp7jpKUopebble.o)
                0x0000000000001f64                window_destroy
 .text.window_get_root_layer
                0x0000000000001f70        0xc /Users/raj/Library/Application Support/Pebble SDK/SDKs/current/sdk-core/pebble/aplite/lib/libpebble.a(tmp7jpKUopebble.o)
                0x0000000000001f70                window_get_root_layer
 .text.window_stack_pop
                0x0000000000001f7c        0xc /Users/raj/Library/Application Support/Pebble SDK/SDKs/current/sdk-core/pebble/aplite/lib/libpebble.a(tmp7jpKUopebble.o)
                0x0000000000001f7c                window_stack_pop
 .text.window_stack_push
                0x0000000000001f88        0xc /Users/raj/Library/Application Support/Pebble SDK/SDKs/current/sdk-core/pebble/aplite/lib/libpebble.a(tmp7jpKUopebble.o)
                0x0000000000001f88                window_stack_push
 .text.app_message_outbox_begin
                0x0000000000001f94        0xc /Users/raj/Library/Application Support/Pebble SDK/SDKs/current/sdk-core/pebble/aplite/lib/libpebble.a(tmp7jpKUopebble.o)
                0x0000000000001f94                app_message_outbox_begin
 .text.app_message_outbox_send
                0x0000000000001fa0        0xc /Users/raj/Library/Application Support/Pebble SDK/SDKs/current/sdk-core/pebble/aplite/lib/libpebble.a(tmp7jpKUopebble.o)
                0x0000000000001fa0                app_message_outbox_send
 .text.app_message_register_inbox_dropped
                0x0000000000001fac        0xc /Users/raj/Library/Application Support/Pebble SDK/SDKs/current/sdk-core/pebble/aplite/lib/libpebble.a(tmp7jpKUopebble.o)
                0x0000000000001fac                app_message_register_inbox_dropped
 .text.app_message_register_inbox_received
                0x0000000000001fb8        0xc /Users/raj/Library/Application Support/Pebble SDK/SDKs/current/sdk-core/pebble/aplite/lib/libpebble.a(tmp7jpKUopebble.o)
                0x0000000000001fb8                app_message_register_inbox_received
 .text.launch_reason
                0x0000000000001fc4        0xc /Users/raj/Library/Application Support/Pebble SDK/SDKs/current/sdk-core/pebble/aplite/lib/libpebble.a(tmp7jpKUopebble.o)
                0x0000000000001fc4                launch_reason
 .text.wakeup_get_launch_event
                0x0000000000001fd0        0xc /Users/raj/Library/Application Support/Pebble SDK/SDKs/current/sdk-core/pebble/aplite/lib/libpebble.a(tmp7jpKUopebble.o)
                0x0000000000001fd0                wakeup_get_launch_event
 .text.wakeup_schedule
                0x0000000000001fdc        0xc /Users/raj/Library/Application Support/Pebble SDK/SDKs/current/sdk-core/pebble/aplite/lib/libpebble.a(tmp7jpKUopebble.o)
                0x0000000000001fdc                wakeup_schedule
 .text.clock_is_timezone_set
                0x0000000000001fe8        0xc /Users/raj/Library/Application Support/Pebble SDK/SDKs/current/sdk-core/pebble/aplite/lib/libpebble.a(tmp7jpKUopebble.o)
                0x0000000000001fe8                clock_is_timezone_set
 .text.clock_get_timezone
                0x0000000000001ff4        0xc /Users/raj/Library/Application Support/Pebble SDK/SDKs/current/sdk-core/pebble/aplite/lib/libpebble.a(tmp7jpKUopebble.o)
                0x0000000000001ff4                clock_get_timezone
 .text.localtime
                0x0000000000002000        0xc /Users/raj/Library/Application Support/Pebble SDK/SDKs/current/sdk-core/pebble/aplite/lib/libpebble.a(tmp7jpKUopebble.o)
                0x0000000000002000                localtime
 .text.launch_get_args
                0x000000000000200c        0xc /Users/raj/Library/Application Support/Pebble SDK/SDKs/current/sdk-core/pebble/aplite/lib/libpebble.a(tmp7jpKUopebble.o)
                0x000000000000200c                launch_get_args
 .text.graphics_draw_rotated_bitmap
                0x0000000000002018        0xc /Users/raj/Library/Application Support/Pebble SDK/SDKs/current/sdk-core/pebble/aplite/lib/libpebble.a(tmp7jpKUopebble.o)
                0x0000000000002018                graphics_draw_rotated_bitmap
 .text.text_layer_create
                0x0000000000002024        0xc /Users/raj/Library/Application Support/Pebble SDK/SDKs/current/sdk-core/pebble/aplite/lib/libpebble.a(tmp7jpKUopebble.o)
                0x0000000000002024                text_layer_create
 .text.text_layer_destroy
                0x0000000000002030        0xc /Users/raj/Library/Application Support/Pebble SDK/SDKs/current/sdk-core/pebble/aplite/lib/libpebble.a(tmp7jpKUopebble.o)
                0x0000000000002030                text_layer_destroy
 .text.text_layer_get_layer
                0x000000000000203c        0xc /Users/raj/Library/Application Support/Pebble SDK/SDKs/current/sdk-core/pebble/aplite/lib/libpebble.a(tmp7jpKUopebble.o)
                0x000000000000203c                text_layer_get_layer
 .text.text_layer_set_background_color
                0x0000000000002048        0xc /Users/raj/Library/Application Support/Pebble SDK/SDKs/current/sdk-core/pebble/aplite/lib/libpebble.a(tmp7jpKUopebble.o)
                0x0000000000002048                text_layer_set_background_color
 .text.text_layer_set_font
                0x0000000000002054        0xc /Users/raj/Library/Application Support/Pebble SDK/SDKs/current/sdk-core/pebble/aplite/lib/libpebble.a(tmp7jpKUopebble.o)
                0x0000000000002054                text_layer_set_font
 .text.text_layer_set_text
                0x0000000000002060        0xc /Users/raj/Library/Application Support/Pebble SDK/SDKs/current/sdk-core/pebble/aplite/lib/libpebble.a(tmp7jpKUopebble.o)
                0x0000000000002060                text_layer_set_text
 .text.text_layer_set_text_alignment
                0x000000000000206c        0xc /Users/raj/Library/Application Support/Pebble SDK/SDKs/current/sdk-core/pebble/aplite/lib/libpebble.a(tmp7jpKUopebble.o)
                0x000000000000206c                text_layer_set_text_alignment
 .text.text_layer_set_text_color
                0x0000000000002078        0xc /Users/raj/Library/Application Support/Pebble SDK/SDKs/current/sdk-core/pebble/aplite/lib/libpebble.a(tmp7jpKUopebble.o)
                0x0000000000002078                text_layer_set_text_color
 .text.time     0x0000000000002084        0xc /Users/raj/Library/Application Support/Pebble SDK/SDKs/current/sdk-core/pebble/aplite/lib/libpebble.a(tmp7jpKUopebble.o)
                0x0000000000002084                time
 *(.rodata)
 .rodata        0x0000000000002090       0x34 src/c/orbits_ns2.c.33.o
 *(.rodata*)
 .rodata.str1.1
                0x00000000000020c4      0x5fc src/c/orbits_ns2.c.33.o
                                        0x607 (size before relaxing)

.glue_7         0x00000000000026c0        0x0
 .glue_7        0x0000000000000000        0x0 linker stubs

.glue_7t        0x00000000000026c0        0x0
 .glue_7t       0x0000000000000000        0x0 linker stubs

.vfp11_veneer   0x00000000000026c0        0x0
 .vfp11_veneer  0x0000000000000000        0x0 linker stubs

.v4_bx          0x00000000000026c0        0x0
 .v4_bx         0x0000000000000000        0x0 linker stubs

.iplt           0x00000000000026c0        0x0
 .iplt          0x0000000000000000        0x0 /Users/raj/Library/Application Support/Pebble SDK/SDKs/4.4/toolchain/arm-none-eabi/bin/../lib/gcc/arm-none-eabi/4.7.2/thumb2/crtbegin.o

.rel.dyn        0x00000000000026c0        0x0
 .rel.iplt      0x0000000000000000        0x0 /Users/raj/Library/Application Support/Pebble SDK/SDKs/4.4/toolchain/arm-none-eabi/bin/../lib/gcc/arm-none-eabi/4.7.2/thumb2/crtbegin.o
 .rel.got       0x0000000000000000        0x0 /Users/raj/Library/Application Support/Pebble SDK/SDKs/4.4/toolchain/arm-none-eabi/bin/../lib/gcc/arm-none-eabi/4.7.2/thumb2/crtbegin.o

.data           0x00000000000026c0       0x4c
 *(.data)
 .data          0x00000000000026c0        0x0 /Users/raj/Library/Application Support/Pebble SDK/SDKs/4.4/toolchain/arm-none-eabi/bin/../lib/gcc/arm-none-eabi/4.7.2/thumb2/crti.o
 .data          0x00000000000026c0        0x4 /Users/raj/Library/Application Support/Pebble SDK/SDKs/4.4/toolchain/arm-none-eabi/bin/../lib/gcc/arm-none-eabi/4.7.2/thumb2/crtbegin.o
                0x00000000000026c0                __dso_handle
 .data          0x00000000000026c4        0x0 src/c/orbits_ns2.c.33.o
 .data          0x00000000000026c4        0x0 aplite/appinfo.auto.c.33.o
 .data          0x00000000000026c4        0x0 aplite/src/resource_ids.auto.c.33.o
 .data          0x00000000000026c4        0x0 src/message_keys.auto.c.33.o
 .data          0x00000000000026c4        0x0 /Users/raj/Library/Application Support/Pebble SDK/SDKs/current/sdk-core/pebble/aplite/lib/libpebble.a(tmp7jpKUopebble.o)
 .data          0x00000000000026c4        0x0 /Users/raj/Library/Application Support/Pebble SDK/SDKs/4.4/toolchain/arm-none-eabi/bin/../lib/gcc/arm-none-eabi/4.7.2/thumb2/crtend.o
 .data          0x00000000000026c4        0x0 /Users/raj/Library/Application Support/Pebble SDK/SDKs/4.4/toolchain/arm-none-eabi/bin/../lib/gcc/arm-none-eabi/4.7.2/thumb2/crtn.o
 *(.data.*)
 .data.date_month.7606
                0x00000000000026c4        0x3 src/c/orbits_ns2.c.33.o
 .data.date_hour.7608
                0x00000000000026c7        0x3 src/c/orbits_ns2.c.33.o
 .data.date_minute.7609
                0x00000000000026ca        0x3 src/c/orbits_ns2.c.33.o
 *fill*         0x00000000000026cd        0x3 
 .data.arrow_angle
                0x00000000000026d0        0x4 src/c/orbits_ns2.c.33.o
                0x00000000000026d0                arrow_angle
 .data.date_day.7607
                0x00000000000026d4        0x3 src/c/orbits_ns2.c.33.o
 .data.last_state.7639
                0x00000000000026d7        0x1 src/c/orbits_ns2.c.33.o
 .data.hello_interval
                0x00000000000026d8        0x4 src/c/orbits_ns2.c.33.o
 .data.MESSAGE_KEY_displayMonth
                0x00000000000026dc        0x4 src/message_keys.auto.c.33.o
                0x00000000000026dc                MESSAGE_KEY_displayMonth
 .data.MESSAGE_KEY_next
                0x00000000000026e0        0x4 src/message_keys.auto.c.33.o
                0x00000000000026e0                MESSAGE_KEY_next
 .data.MESSAGE_KEY_displayMinute
                0x00000000000026e4        0x4 src/message_keys.auto.c.33.o
                0x00000000000026e4                MESSAGE_KEY_displayMinute
 .data.MESSAGE_KEY_sgv
                0x00000000000026e8        0x4 src/message_keys.auto.c.33.o
                0x00000000000026e8                MESSAGE_KEY_sgv
 .data.MESSAGE_KEY_ago
                0x00000000000026ec        0x4 src/message_keys.auto.c.33.o
                0x00000000000026ec                MESSAGE_KEY_ago
 .data.MESSAGE_KEY_displayHour
                0x00000000000026f0        0x4 src/message_keys.auto.c.33.o
                0x00000000000026f0                MESSAGE_KEY_displayHour
 .data.MESSAGE_KEY_podchange
                0x00000000000026f4        0x4 src/message_keys.auto.c.33.o
                0x00000000000026f4                MESSAGE_KEY_podchange
 .data.MESSAGE_KEY_changeit
                0x00000000000026f8        0x4 src/message_keys.auto.c.33.o
                0x00000000000026f8                MESSAGE_KEY_changeit
 .data.MESSAGE_KEY_timer
                0x00000000000026fc        0x4 src/message_keys.auto.c.33.o
                0x00000000000026fc                MESSAGE_KEY_timer
 .data.MESSAGE_KEY_displayDate
                0x0000000000002700        0x4 src/message_keys.auto.c.33.o
                0x0000000000002700                MESSAGE_KEY_displayDate
 .data.MESSAGE_KEY_displayBluetooth
                0x0000000000002704        0x4 src/message_keys.auto.c.33.o
                0x0000000000002704                MESSAGE_KEY_displayBluetooth
 .data.MESSAGE_KEY_arrow
                0x0000000000002708        0x4 src/message_keys.auto.c.33.o
                0x0000000000002708                MESSAGE_KEY_arrow

.igot.plt       0x000000000000270c        0x0
 .igot.plt      0x0000000000000000        0x0 /Users/raj/Library/Application Support/Pebble SDK/SDKs/4.4/toolchain/arm-none-eabi/bin/../lib/gcc/arm-none-eabi/4.7.2/thumb2/crtbegin.o

.got            0x000000000000270c       0x54
 .got           0x000000000000270c       0x54 /Users/raj/Library/Application Support/Pebble SDK/SDKs/4.4/toolchain/arm-none-eabi/bin/../lib/gcc/arm-none-eabi/4.7.2/thumb2/crtbegin.o

.got.plt        0x0000000000002760        0xc
 .got.plt       0x0000000000002760        0xc /Users/raj/Library/Application Support/Pebble SDK/SDKs/4.4/toolchain/arm-none-eabi/bin/../lib/gcc/arm-none-eabi/4.7.2/thumb2/crtbegin.o
                0x0000000000002760                _GLOBAL_OFFSET_TABLE_

.bss            0x000000000000276c       0xf0
 *(.bss)
 *(.bss.*)
 .bss.screen_init
                0x000000000000276c        0x1 src/c/orbits_ns2.c.33.o
                0x000000000000276c                screen_init
 *fill*         0x000000000000276d        0x3 
 .bss.my_double_arrow_image
                0x0000000000002770        0x4 src/c/orbits_ns2.c.33.o
 .bss.my_hour_hand_layer
                0x0000000000002774        0x4 src/c/orbits_ns2.c.33.o
 .bss.my_date_layer
                0x0000000000002778       0x10 src/c/orbits_ns2.c.33.o
 .bss.note_font
                0x0000000000002788        0x4 src/c/orbits_ns2.c.33.o
 .bss.my_hour_hand_image
                0x000000000000278c        0x4 src/c/orbits_ns2.c.33.o
 .bss.my_background_image_60
                0x0000000000002790        0x4 src/c/orbits_ns2.c.33.o
 .bss.my_aster_image
                0x0000000000002794        0x4 src/c/orbits_ns2.c.33.o
 .bss.my_bluetooth_image
                0x0000000000002798        0x4 src/c/orbits_ns2.c.33.o
 .bss.bg_layer  0x000000000000279c        0x4 src/c/orbits_ns2.c.33.o
 .bss.js_is_up  0x00000000000027a0        0x1 src/c/orbits_ns2.c.33.o
                0x00000000000027a0                js_is_up
 *fill*         0x00000000000027a1        0x3 
 .bss.timer_layer
                0x00000000000027a4        0x4 src/c/orbits_ns2.c.33.o
 .bss.my_comet_layer
                0x00000000000027a8        0x4 src/c/orbits_ns2.c.33.o
 .bss.my_arrow_image
                0x00000000000027ac        0x4 src/c/orbits_ns2.c.33.o
 .bss.my_background_layer
                0x00000000000027b0        0x4 src/c/orbits_ns2.c.33.o
 .bss.my_small_comet_image
                0x00000000000027b4        0x4 src/c/orbits_ns2.c.33.o
 .bss.bg_string.7700
                0x00000000000027b8        0x4 src/c/orbits_ns2.c.33.o
 .bss.weekday_done
                0x00000000000027bc        0x1 src/c/orbits_ns2.c.33.o
 *fill*         0x00000000000027bd        0x3 
 .bss.timer_window
                0x00000000000027c0        0x4 src/c/orbits_ns2.c.33.o
 .bss.my_aster_layer
                0x00000000000027c4        0x4 src/c/orbits_ns2.c.33.o
 .bss.my_window_layer
                0x00000000000027c8        0x4 src/c/orbits_ns2.c.33.o
 .bss.bg_value  0x00000000000027cc        0x4 src/c/orbits_ns2.c.33.o
                0x00000000000027cc                bg_value
 .bss.my_double_arrow_layer
                0x00000000000027d0        0x4 src/c/orbits_ns2.c.33.o
 .bss.bluetooth_connected
                0x00000000000027d4        0x1 src/c/orbits_ns2.c.33.o
 *fill*         0x00000000000027d5        0x3 
 .bss.my_bt_layer
                0x00000000000027d8        0x4 src/c/orbits_ns2.c.33.o
 .bss.my_background_image_100
                0x00000000000027dc        0x4 src/c/orbits_ns2.c.33.o
 .bss.my_background_image_30
                0x00000000000027e0        0x4 src/c/orbits_ns2.c.33.o
 .bss.Next      0x00000000000027e4        0x4 src/c/orbits_ns2.c.33.o
                0x00000000000027e4                Next
 .bss.my_window
                0x00000000000027e8        0x4 src/c/orbits_ns2.c.33.o
 .bss.my_bat_layer
                0x00000000000027ec        0x4 src/c/orbits_ns2.c.33.o
 .bss.timer_text.7676
                0x00000000000027f0       0x28 src/c/orbits_ns2.c.33.o
 .bss.bg_last   0x0000000000002818        0x4 src/c/orbits_ns2.c.33.o
                0x0000000000002818                bg_last
 .bss.bg_vibes  0x000000000000281c        0x4 src/c/orbits_ns2.c.33.o
                0x000000000000281c                bg_vibes
 .bss.pod_change_written
                0x0000000000002820        0x1 src/c/orbits_ns2.c.33.o
 *fill*         0x0000000000002821        0x3 
 .bss.my_arrow_layer
                0x0000000000002824        0x4 src/c/orbits_ns2.c.33.o
 .bss.my_comet_image
                0x0000000000002828        0x4 src/c/orbits_ns2.c.33.o
 .bss.my_small_comet_layer
                0x000000000000282c        0x4 src/c/orbits_ns2.c.33.o
 .bss.date_font
                0x0000000000002830        0x4 src/c/orbits_ns2.c.33.o
 .bss.MESSAGE_KEY_ack
                0x0000000000002834        0x4 src/message_keys.auto.c.33.o
                0x0000000000002834                MESSAGE_KEY_ack
 COMMON         0x0000000000002838       0x24 src/c/orbits_ns2.c.33.o
                0x0000000000002838                timer_interval
                0x000000000000283c                now
                0x0000000000002840                timer_start
                0x0000000000002844                tap_display
                0x0000000000002848                stat
                0x000000000000284c                display_dates
                0x0000000000002850                pod_change
                0x0000000000002854                changeit
                0x0000000000002858                tap_display_time

DISCARD
 libc.a(*)
 libm.a(*)
 libgcc.a(*)
 *(.eh_frame)
OUTPUT(/Users/raj/src/pebble_dev/orbits_ns2/build/aplite/pebble-app.elf elf32-littlearm)

.ARM.attributes
                0x0000000000000000       0x27
 .ARM.attributes
                0x0000000000000000       0x19 /Users/raj/Library/Application Support/Pebble SDK/SDKs/4.4/toolchain/arm-none-eabi/bin/../lib/gcc/arm-none-eabi/4.7.2/thumb2/crti.o
 .ARM.attributes
                0x0000000000000019       0x29 /Users/raj/Library/Application Support/Pebble SDK/SDKs/4.4/toolchain/arm-none-eabi/bin/../lib/gcc/arm-none-eabi/4.7.2/thumb2/crtbegin.o
 .ARM.attributes
                0x0000000000000042       0x33 src/c/orbits_ns2.c.33.o
 .ARM.attributes
                0x0000000000000075       0x33 aplite/appinfo.auto.c.33.o
 .ARM.attributes
                0x00000000000000a8       0x33 aplite/src/resource_ids.auto.c.33.o
 .ARM.attributes
                0x00000000000000db       0x33 src/message_keys.auto.c.33.o
 .ARM.attributes
                0x000000000000010e       0x21 /Users/raj/Library/Application Support/Pebble SDK/SDKs/current/sdk-core/pebble/aplite/lib/libpebble.a(tmp7jpKUopebble.o)
 .ARM.attributes
                0x000000000000012f       0x29 /Users/raj/Library/Application Support/Pebble SDK/SDKs/4.4/toolchain/arm-none-eabi/bin/../lib/gcc/arm-none-eabi/4.7.2/thumb2/crtend.o
 .ARM.attributes
                0x0000000000000158       0x19 /Users/raj/Library/Application Support/Pebble SDK/SDKs/4.4/toolchain/arm-none-eabi/bin/../lib/gcc/arm-none-eabi/4.7.2/thumb2/crtn.o

.comment        0x0000000000000000       0x4e
 .comment       0x0000000000000000       0x4e /Users/raj/Library/Application Support/Pebble SDK/SDKs/4.4/toolchain/arm-none-eabi/bin/../lib/gcc/arm-none-eabi/4.7.2/thumb2/crtbegin.o
                                         0x4f (size before relaxing)
 .comment       0x0000000000000000       0x4f src/c/orbits_ns2.c.33.o
 .comment       0x0000000000000000       0x4f aplite/appinfo.auto.c.33.o
 .comment       0x0000000000000000       0x4f aplite/src/resource_ids.auto.c.33.o
 .comment       0x0000000000000000       0x4f src/message_keys.auto.c.33.o
 .comment       0x0000000000000000       0x4f /Users/raj/Library/Application Support/Pebble SDK/SDKs/4.4/toolchain/arm-none-eabi/bin/../lib/gcc/arm-none-eabi/4.7.2/thumb2/crtend.o

.debug_info     0x0000000000000000     0x410e
 .debug_info    0x0000000000000000     0x3b30 src/c/orbits_ns2.c.33.o
 .debug_info    0x0000000000003b30      0x31a aplite/appinfo.auto.c.33.o
 .debug_info    0x0000000000003e4a      0x147 aplite/src/resource_ids.auto.c.33.o
 .debug_info    0x0000000000003f91      0x17d src/message_keys.auto.c.33.o

.debug_abbrev   0x0000000000000000      0x5d4
 .debug_abbrev  0x0000000000000000      0x4ae src/c/orbits_ns2.c.33.o
 .debug_abbrev  0x00000000000004ae       0x9e aplite/appinfo.auto.c.33.o
 .debug_abbrev  0x000000000000054c       0x44 aplite/src/resource_ids.auto.c.33.o
 .debug_abbrev  0x0000000000000590       0x44 src/message_keys.auto.c.33.o

.debug_loc      0x0000000000000000     0x11d3
 .debug_loc     0x0000000000000000     0x11d3 src/c/orbits_ns2.c.33.o

.debug_aranges  0x0000000000000000      0x148
 .debug_aranges
                0x0000000000000000      0x100 src/c/orbits_ns2.c.33.o
 .debug_aranges
                0x0000000000000100       0x18 aplite/appinfo.auto.c.33.o
 .debug_aranges
                0x0000000000000118       0x18 aplite/src/resource_ids.auto.c.33.o
 .debug_aranges
                0x0000000000000130       0x18 src/message_keys.auto.c.33.o

.debug_ranges   0x0000000000000000      0x200
 .debug_ranges  0x0000000000000000      0x200 src/c/orbits_ns2.c.33.o

.debug_line     0x0000000000000000      0xc3d
 .debug_line    0x0000000000000000      0x92d src/c/orbits_ns2.c.33.o
 .debug_line    0x000000000000092d      0x151 aplite/appinfo.auto.c.33.o
 .debug_line    0x0000000000000a7e       0xe3 aplite/src/resource_ids.auto.c.33.o
 .debug_line    0x0000000000000b61       0xdc src/message_keys.auto.c.33.o

.debug_str      0x0000000000000000     0x178f
 .debug_str     0x0000000000000000     0x13a3 src/c/orbits_ns2.c.33.o
                                       0x14d5 (size before relaxing)
 .debug_str     0x00000000000013a3      0x236 aplite/appinfo.auto.c.33.o
                                        0x319 (size before relaxing)
 .debug_str     0x00000000000015d9      0x178 aplite/src/resource_ids.auto.c.33.o
                                        0x23c (size before relaxing)
 .debug_str     0x0000000000001751       0x3e src/message_keys.auto.c.33.o
                                        0x212 (size before relaxing)

.debug_frame    0x0000000000000000      0x3a0
 .debug_frame   0x0000000000000000      0x3a0 src/c/orbits_ns2.c.33.o
